<html>
<body>
<pre>
<h1>µVision Build Log</h1>
<h2>Project:</h2>
D:\smieci_z_pulpitu\smieci\ppo — kopia\Nowy folder\poczatek\moje\ZADLOBARTLOMIEJ\8f\ppo.uvproj
Project File Date:  04/19/2023

<h2>Output:</h2>
Rebuild target 'Target 1'
assembling Startup.s...
compiling keyboard.cpp...
compiling main.cpp...
compiling led.cpp...
compiling stepper.cpp...
compiling ledinv.cpp...
compiling ledpos.cpp...
linking...
Program Size: Code=1504 RO-data=52 RW-data=0 ZI-data=1256  
".\ppo.axf" - 0 Errors, 0 Warning(s).
