<html>
<body>
<pre>
<h1>µVision Build Log</h1>
<h2>Project:</h2>
C:\Users\Bartek\OneDrive\Pulpit\ppo\Nowy folder\poczatek\æwiczenie\8c\ppo.uvproj
Project File Date:  04/19/2023

<h2>Output:</h2>
Rebuild target 'Target 1'
assembling Startup.s...
compiling keyboard.cpp...
compiling main.cpp...
compiling led.cpp...
compiling stepper.cpp...
compiling ledinv.cpp...
ledinv.h(11): warning:  #1-D: last line of file ends without a newline
ledinv.cpp(30): warning:  #1-D: last line of file ends without a newline
linking...
Program Size: Code=1140 RO-data=32 RW-data=4 ZI-data=1260  
".\ppo.axf" - 0 Errors, 2 Warning(s).
Rebuild target 'Target 1'
assembling Startup.s...
compiling keyboard.cpp...
compiling main.cpp...
ledinv.h(11): warning:  #1-D: last line of file ends without a newline
compiling led.cpp...
compiling stepper.cpp...
ledinv.h(11): warning:  #1-D: last line of file ends without a newline
compiling ledinv.cpp...
ledinv.h(11): warning:  #1-D: last line of file ends without a newline
ledinv.cpp(30): warning:  #1-D: last line of file ends without a newline
linking...
Program Size: Code=1372 RO-data=32 RW-data=4 ZI-data=1260  
".\ppo.axf" - 0 Errors, 4 Warning(s).
Rebuild target 'Target 1'
assembling Startup.s...
compiling keyboard.cpp...
compiling main.cpp...
compiling led.cpp...
compiling stepper.cpp...
compiling ledinv.cpp...
ledinv.cpp(30): warning:  #1-D: last line of file ends without a newline
linking...
Program Size: Code=1372 RO-data=32 RW-data=4 ZI-data=1260  
".\ppo.axf" - 0 Errors, 1 Warning(s).
Rebuild target 'Target 1'
assembling Startup.s...
compiling keyboard.cpp...
compiling main.cpp...
compiling led.cpp...
compiling stepper.cpp...
compiling ledinv.cpp...
linking...
Program Size: Code=1372 RO-data=32 RW-data=4 ZI-data=1260  
".\ppo.axf" - 0 Errors, 0 Warning(s).
