<html>
<body>
<pre>
<h1>µVision Build Log</h1>
<h2>Project:</h2>
C:\Users\Bartek\OneDrive\Pulpit\ppo\Nowy folder\poczatek\æwiczenie\2\ppo.uvproj
Project File Date:  04/19/2023

<h2>Output:</h2>
Rebuild target 'Target 1'
assembling Startup.s...
compiling keyboard.cpp...
compiling main.cpp...
led.h(15): warning:  #1-D: last line of file ends without a newline
main.cpp(12): error:  #20: identifier "LedInit" is undefined
main.cpp(16): error:  #20: identifier "LedStepLeft" is undefined
compiling led.cpp...
led.h(15): warning:  #1-D: last line of file ends without a newline
".\ppo.axf" - 2 Errors, 2 Warning(s).
Target not created
Rebuild target 'Target 1'
assembling Startup.s...
compiling keyboard.cpp...
compiling main.cpp...
led.h(15): warning:  #1-D: last line of file ends without a newline
compiling led.cpp...
led.h(15): warning:  #1-D: last line of file ends without a newline
linking...
Program Size: Code=856 RO-data=16 RW-data=0 ZI-data=1256  
".\ppo.axf" - 0 Errors, 2 Warning(s).
Rebuild target 'Target 1'
assembling Startup.s...
compiling keyboard.cpp...
compiling main.cpp...
compiling led.cpp...
linking...
Program Size: Code=856 RO-data=16 RW-data=0 ZI-data=1256  
".\ppo.axf" - 0 Errors, 0 Warning(s).
